// Jest Snapshot v1, https://goo.gl/fbAQLP

exports[`Welcome should always match the snapshot 1`] = `
ShallowWrapper {
  "length": 1,
  Symbol(enzyme.__root__): [Circular],
  Symbol(enzyme.__unrendered__): <Header />,
  Symbol(enzyme.__renderer__): Object {
    "batchedUpdates": [Function],
    "getNode": [Function],
    "render": [Function],
    "simulateEvent": [Function],
    "unmount": [Function],
  },
  Symbol(enzyme.__node__): Object {
    "instance": null,
    "key": undefined,
    "nodeType": "host",
    "props": Object {
      "children": <ul
        className="nav__list"
>
        <li
                className="nav__list__item"
        >
                <NavLink
                        activeClassName="nav-link--selected"
                        ariaCurrent="true"
                        className="nav__link"
                        to="/dashboard"
                >
                        dashboard
                </NavLink>
        </li>
        <li
                className="nav__list__item"
        >
                <NavLink
                        activeClassName="nav-link--selected"
                        ariaCurrent="true"
                        className="nav__link"
                        to="/favorites"
                >
                        favorites
                </NavLink>
        </li>
        <li
                className="nav__list__item"
        >
                <NavLink
                        activeClassName="nav-link--selected"
                        ariaCurrent="true"
                        className="nav__link"
                        to="/visited"
                >
                        visited
                </NavLink>
        </li>
        <li
                className="nav__list__item"
        >
                <NavLink
                        activeClassName="nav-link--selected"
                        ariaCurrent="true"
                        className="nav__link wants"
                        to="/wants"
                >
                        want to go
                </NavLink>
        </li>
        <li
                className="nav__list__item"
        >
                <NavLink
                        activeClassName="nav-link--selected"
                        ariaCurrent="true"
                        className="nav__link profile"
                        to="/profile"
                >
                        profile
                </NavLink>
        </li>
</ul>,
      "className": "nav",
    },
    "ref": null,
    "rendered": Object {
      "instance": null,
      "key": undefined,
      "nodeType": "host",
      "props": Object {
        "children": Array [
          <li
            className="nav__list__item"
>
            <NavLink
                        activeClassName="nav-link--selected"
                        ariaCurrent="true"
                        className="nav__link"
                        to="/dashboard"
            >
                        dashboard
            </NavLink>
</li>,
          <li
            className="nav__list__item"
>
            <NavLink
                        activeClassName="nav-link--selected"
                        ariaCurrent="true"
                        className="nav__link"
                        to="/favorites"
            >
                        favorites
            </NavLink>
</li>,
          <li
            className="nav__list__item"
>
            <NavLink
                        activeClassName="nav-link--selected"
                        ariaCurrent="true"
                        className="nav__link"
                        to="/visited"
            >
                        visited
            </NavLink>
</li>,
          <li
            className="nav__list__item"
>
            <NavLink
                        activeClassName="nav-link--selected"
                        ariaCurrent="true"
                        className="nav__link wants"
                        to="/wants"
            >
                        want to go
            </NavLink>
</li>,
          <li
            className="nav__list__item"
>
            <NavLink
                        activeClassName="nav-link--selected"
                        ariaCurrent="true"
                        className="nav__link profile"
                        to="/profile"
            >
                        profile
            </NavLink>
</li>,
        ],
        "className": "nav__list",
      },
      "ref": null,
      "rendered": Array [
        Object {
          "instance": null,
          "key": undefined,
          "nodeType": "host",
          "props": Object {
            "children": <NavLink
              activeClassName="nav-link--selected"
              ariaCurrent="true"
              className="nav__link"
              to="/dashboard"
>
              dashboard
</NavLink>,
            "className": "nav__list__item",
          },
          "ref": null,
          "rendered": Object {
            "instance": null,
            "key": undefined,
            "nodeType": "function",
            "props": Object {
              "activeClassName": "nav-link--selected",
              "ariaCurrent": "true",
              "children": "dashboard",
              "className": "nav__link",
              "to": "/dashboard",
            },
            "ref": null,
            "rendered": "dashboard",
            "type": [Function],
          },
          "type": "li",
        },
        Object {
          "instance": null,
          "key": undefined,
          "nodeType": "host",
          "props": Object {
            "children": <NavLink
              activeClassName="nav-link--selected"
              ariaCurrent="true"
              className="nav__link"
              to="/favorites"
>
              favorites
</NavLink>,
            "className": "nav__list__item",
          },
          "ref": null,
          "rendered": Object {
            "instance": null,
            "key": undefined,
            "nodeType": "function",
            "props": Object {
              "activeClassName": "nav-link--selected",
              "ariaCurrent": "true",
              "children": "favorites",
              "className": "nav__link",
              "to": "/favorites",
            },
            "ref": null,
            "rendered": "favorites",
            "type": [Function],
          },
          "type": "li",
        },
        Object {
          "instance": null,
          "key": undefined,
          "nodeType": "host",
          "props": Object {
            "children": <NavLink
              activeClassName="nav-link--selected"
              ariaCurrent="true"
              className="nav__link"
              to="/visited"
>
              visited
</NavLink>,
            "className": "nav__list__item",
          },
          "ref": null,
          "rendered": Object {
            "instance": null,
            "key": undefined,
            "nodeType": "function",
            "props": Object {
              "activeClassName": "nav-link--selected",
              "ariaCurrent": "true",
              "children": "visited",
              "className": "nav__link",
              "to": "/visited",
            },
            "ref": null,
            "rendered": "visited",
            "type": [Function],
          },
          "type": "li",
        },
        Object {
          "instance": null,
          "key": undefined,
          "nodeType": "host",
          "props": Object {
            "children": <NavLink
              activeClassName="nav-link--selected"
              ariaCurrent="true"
              className="nav__link wants"
              to="/wants"
>
              want to go
</NavLink>,
            "className": "nav__list__item",
          },
          "ref": null,
          "rendered": Object {
            "instance": null,
            "key": undefined,
            "nodeType": "function",
            "props": Object {
              "activeClassName": "nav-link--selected",
              "ariaCurrent": "true",
              "children": "want to go",
              "className": "nav__link wants",
              "to": "/wants",
            },
            "ref": null,
            "rendered": "want to go",
            "type": [Function],
          },
          "type": "li",
        },
        Object {
          "instance": null,
          "key": undefined,
          "nodeType": "host",
          "props": Object {
            "children": <NavLink
              activeClassName="nav-link--selected"
              ariaCurrent="true"
              className="nav__link profile"
              to="/profile"
>
              profile
</NavLink>,
            "className": "nav__list__item",
          },
          "ref": null,
          "rendered": Object {
            "instance": null,
            "key": undefined,
            "nodeType": "function",
            "props": Object {
              "activeClassName": "nav-link--selected",
              "ariaCurrent": "true",
              "children": "profile",
              "className": "nav__link profile",
              "to": "/profile",
            },
            "ref": null,
            "rendered": "profile",
            "type": [Function],
          },
          "type": "li",
        },
      ],
      "type": "ul",
    },
    "type": "nav",
  },
  Symbol(enzyme.__nodes__): Array [
    Object {
      "instance": null,
      "key": undefined,
      "nodeType": "host",
      "props": Object {
        "children": <ul
          className="nav__list"
>
          <li
                    className="nav__list__item"
          >
                    <NavLink
                              activeClassName="nav-link--selected"
                              ariaCurrent="true"
                              className="nav__link"
                              to="/dashboard"
                    >
                              dashboard
                    </NavLink>
          </li>
          <li
                    className="nav__list__item"
          >
                    <NavLink
                              activeClassName="nav-link--selected"
                              ariaCurrent="true"
                              className="nav__link"
                              to="/favorites"
                    >
                              favorites
                    </NavLink>
          </li>
          <li
                    className="nav__list__item"
          >
                    <NavLink
                              activeClassName="nav-link--selected"
                              ariaCurrent="true"
                              className="nav__link"
                              to="/visited"
                    >
                              visited
                    </NavLink>
          </li>
          <li
                    className="nav__list__item"
          >
                    <NavLink
                              activeClassName="nav-link--selected"
                              ariaCurrent="true"
                              className="nav__link wants"
                              to="/wants"
                    >
                              want to go
                    </NavLink>
          </li>
          <li
                    className="nav__list__item"
          >
                    <NavLink
                              activeClassName="nav-link--selected"
                              ariaCurrent="true"
                              className="nav__link profile"
                              to="/profile"
                    >
                              profile
                    </NavLink>
          </li>
</ul>,
        "className": "nav",
      },
      "ref": null,
      "rendered": Object {
        "instance": null,
        "key": undefined,
        "nodeType": "host",
        "props": Object {
          "children": Array [
            <li
              className="nav__list__item"
>
              <NavLink
                            activeClassName="nav-link--selected"
                            ariaCurrent="true"
                            className="nav__link"
                            to="/dashboard"
              >
                            dashboard
              </NavLink>
</li>,
            <li
              className="nav__list__item"
>
              <NavLink
                            activeClassName="nav-link--selected"
                            ariaCurrent="true"
                            className="nav__link"
                            to="/favorites"
              >
                            favorites
              </NavLink>
</li>,
            <li
              className="nav__list__item"
>
              <NavLink
                            activeClassName="nav-link--selected"
                            ariaCurrent="true"
                            className="nav__link"
                            to="/visited"
              >
                            visited
              </NavLink>
</li>,
            <li
              className="nav__list__item"
>
              <NavLink
                            activeClassName="nav-link--selected"
                            ariaCurrent="true"
                            className="nav__link wants"
                            to="/wants"
              >
                            want to go
              </NavLink>
</li>,
            <li
              className="nav__list__item"
>
              <NavLink
                            activeClassName="nav-link--selected"
                            ariaCurrent="true"
                            className="nav__link profile"
                            to="/profile"
              >
                            profile
              </NavLink>
</li>,
          ],
          "className": "nav__list",
        },
        "ref": null,
        "rendered": Array [
          Object {
            "instance": null,
            "key": undefined,
            "nodeType": "host",
            "props": Object {
              "children": <NavLink
                activeClassName="nav-link--selected"
                ariaCurrent="true"
                className="nav__link"
                to="/dashboard"
>
                dashboard
</NavLink>,
              "className": "nav__list__item",
            },
            "ref": null,
            "rendered": Object {
              "instance": null,
              "key": undefined,
              "nodeType": "function",
              "props": Object {
                "activeClassName": "nav-link--selected",
                "ariaCurrent": "true",
                "children": "dashboard",
                "className": "nav__link",
                "to": "/dashboard",
              },
              "ref": null,
              "rendered": "dashboard",
              "type": [Function],
            },
            "type": "li",
          },
          Object {
            "instance": null,
            "key": undefined,
            "nodeType": "host",
            "props": Object {
              "children": <NavLink
                activeClassName="nav-link--selected"
                ariaCurrent="true"
                className="nav__link"
                to="/favorites"
>
                favorites
</NavLink>,
              "className": "nav__list__item",
            },
            "ref": null,
            "rendered": Object {
              "instance": null,
              "key": undefined,
              "nodeType": "function",
              "props": Object {
                "activeClassName": "nav-link--selected",
                "ariaCurrent": "true",
                "children": "favorites",
                "className": "nav__link",
                "to": "/favorites",
              },
              "ref": null,
              "rendered": "favorites",
              "type": [Function],
            },
            "type": "li",
          },
          Object {
            "instance": null,
            "key": undefined,
            "nodeType": "host",
            "props": Object {
              "children": <NavLink
                activeClassName="nav-link--selected"
                ariaCurrent="true"
                className="nav__link"
                to="/visited"
>
                visited
</NavLink>,
              "className": "nav__list__item",
            },
            "ref": null,
            "rendered": Object {
              "instance": null,
              "key": undefined,
              "nodeType": "function",
              "props": Object {
                "activeClassName": "nav-link--selected",
                "ariaCurrent": "true",
                "children": "visited",
                "className": "nav__link",
                "to": "/visited",
              },
              "ref": null,
              "rendered": "visited",
              "type": [Function],
            },
            "type": "li",
          },
          Object {
            "instance": null,
            "key": undefined,
            "nodeType": "host",
            "props": Object {
              "children": <NavLink
                activeClassName="nav-link--selected"
                ariaCurrent="true"
                className="nav__link wants"
                to="/wants"
>
                want to go
</NavLink>,
              "className": "nav__list__item",
            },
            "ref": null,
            "rendered": Object {
              "instance": null,
              "key": undefined,
              "nodeType": "function",
              "props": Object {
                "activeClassName": "nav-link--selected",
                "ariaCurrent": "true",
                "children": "want to go",
                "className": "nav__link wants",
                "to": "/wants",
              },
              "ref": null,
              "rendered": "want to go",
              "type": [Function],
            },
            "type": "li",
          },
          Object {
            "instance": null,
            "key": undefined,
            "nodeType": "host",
            "props": Object {
              "children": <NavLink
                activeClassName="nav-link--selected"
                ariaCurrent="true"
                className="nav__link profile"
                to="/profile"
>
                profile
</NavLink>,
              "className": "nav__list__item",
            },
            "ref": null,
            "rendered": Object {
              "instance": null,
              "key": undefined,
              "nodeType": "function",
              "props": Object {
                "activeClassName": "nav-link--selected",
                "ariaCurrent": "true",
                "children": "profile",
                "className": "nav__link profile",
                "to": "/profile",
              },
              "ref": null,
              "rendered": "profile",
              "type": [Function],
            },
            "type": "li",
          },
        ],
        "type": "ul",
      },
      "type": "nav",
    },
  ],
  Symbol(enzyme.__options__): Object {
    "adapter": ReactSixteenAdapter {
      "options": Object {
        "enableComponentDidUpdateOnSetState": true,
      },
    },
  },
}
`;
