// Jest Snapshot v1, https://goo.gl/fbAQLP

exports[`App snapshot should always match the snapshot 1`] = `
ShallowWrapper {
  "length": 1,
  Symbol(enzyme.__root__): [Circular],
  Symbol(enzyme.__unrendered__): <App />,
  Symbol(enzyme.__renderer__): Object {
    "batchedUpdates": [Function],
    "getNode": [Function],
    "render": [Function],
    "simulateEvent": [Function],
    "unmount": [Function],
  },
  Symbol(enzyme.__node__): Object {
    "instance": null,
    "key": undefined,
    "nodeType": "host",
    "props": Object {
      "children": <main>
        <Switch>
                <Route
                        component={[Function]}
                        exact={true}
                        path="/"
                />
                <Route
                        component={[Function]}
                        exact={true}
                        path="/dashboard"
                />
                <Route
                        exact={true}
                        path="/favorites"
                        render={[Function]}
                />
                <Route
                        exact={true}
                        path="/visited"
                        render={[Function]}
                />
                <Route
                        exact={true}
                        path="/wants"
                        render={[Function]}
                />
                <Route
                        exact={true}
                        path="/explore"
                        render={[Function]}
                />
                <Route
                        component={[Function]}
                        exact={true}
                        path="/site/:id"
                />
                <Route
                        component={[Function]}
                />
        </Switch>
</main>,
      "className": "app",
    },
    "ref": null,
    "rendered": Object {
      "instance": null,
      "key": undefined,
      "nodeType": "host",
      "props": Object {
        "children": <Switch>
          <Route
                    component={[Function]}
                    exact={true}
                    path="/"
          />
          <Route
                    component={[Function]}
                    exact={true}
                    path="/dashboard"
          />
          <Route
                    exact={true}
                    path="/favorites"
                    render={[Function]}
          />
          <Route
                    exact={true}
                    path="/visited"
                    render={[Function]}
          />
          <Route
                    exact={true}
                    path="/wants"
                    render={[Function]}
          />
          <Route
                    exact={true}
                    path="/explore"
                    render={[Function]}
          />
          <Route
                    component={[Function]}
                    exact={true}
                    path="/site/:id"
          />
          <Route
                    component={[Function]}
          />
</Switch>,
      },
      "ref": null,
      "rendered": Object {
        "instance": null,
        "key": undefined,
        "nodeType": "class",
        "props": Object {
          "children": Array [
            <Route
              component={[Function]}
              exact={true}
              path="/"
/>,
            <Route
              component={[Function]}
              exact={true}
              path="/dashboard"
/>,
            <Route
              exact={true}
              path="/favorites"
              render={[Function]}
/>,
            <Route
              exact={true}
              path="/visited"
              render={[Function]}
/>,
            <Route
              exact={true}
              path="/wants"
              render={[Function]}
/>,
            <Route
              exact={true}
              path="/explore"
              render={[Function]}
/>,
            <Route
              component={[Function]}
              exact={true}
              path="/site/:id"
/>,
            <Route
              component={[Function]}
/>,
          ],
        },
        "ref": null,
        "rendered": Array [
          Object {
            "instance": null,
            "key": "Welcome",
            "nodeType": "class",
            "props": Object {
              "component": [Function],
              "exact": true,
              "path": "/",
            },
            "ref": null,
            "rendered": null,
            "type": [Function],
          },
          Object {
            "instance": null,
            "key": "Dashboard",
            "nodeType": "class",
            "props": Object {
              "component": [Function],
              "exact": true,
              "path": "/dashboard",
            },
            "ref": null,
            "rendered": null,
            "type": [Function],
          },
          Object {
            "instance": null,
            "key": "Favorites",
            "nodeType": "class",
            "props": Object {
              "exact": true,
              "path": "/favorites",
              "render": [Function],
            },
            "ref": null,
            "rendered": null,
            "type": [Function],
          },
          Object {
            "instance": null,
            "key": "Visited",
            "nodeType": "class",
            "props": Object {
              "exact": true,
              "path": "/visited",
              "render": [Function],
            },
            "ref": null,
            "rendered": null,
            "type": [Function],
          },
          Object {
            "instance": null,
            "key": "Wants",
            "nodeType": "class",
            "props": Object {
              "exact": true,
              "path": "/wants",
              "render": [Function],
            },
            "ref": null,
            "rendered": null,
            "type": [Function],
          },
          Object {
            "instance": null,
            "key": "Search",
            "nodeType": "class",
            "props": Object {
              "exact": true,
              "path": "/explore",
              "render": [Function],
            },
            "ref": null,
            "rendered": null,
            "type": [Function],
          },
          Object {
            "instance": null,
            "key": "SiteDetails",
            "nodeType": "class",
            "props": Object {
              "component": [Function],
              "exact": true,
              "path": "/site/:id",
            },
            "ref": null,
            "rendered": null,
            "type": [Function],
          },
          Object {
            "instance": null,
            "key": undefined,
            "nodeType": "class",
            "props": Object {
              "component": [Function],
            },
            "ref": null,
            "rendered": null,
            "type": [Function],
          },
        ],
        "type": [Function],
      },
      "type": "main",
    },
    "type": "div",
  },
  Symbol(enzyme.__nodes__): Array [
    Object {
      "instance": null,
      "key": undefined,
      "nodeType": "host",
      "props": Object {
        "children": <main>
          <Switch>
                    <Route
                              component={[Function]}
                              exact={true}
                              path="/"
                    />
                    <Route
                              component={[Function]}
                              exact={true}
                              path="/dashboard"
                    />
                    <Route
                              exact={true}
                              path="/favorites"
                              render={[Function]}
                    />
                    <Route
                              exact={true}
                              path="/visited"
                              render={[Function]}
                    />
                    <Route
                              exact={true}
                              path="/wants"
                              render={[Function]}
                    />
                    <Route
                              exact={true}
                              path="/explore"
                              render={[Function]}
                    />
                    <Route
                              component={[Function]}
                              exact={true}
                              path="/site/:id"
                    />
                    <Route
                              component={[Function]}
                    />
          </Switch>
</main>,
        "className": "app",
      },
      "ref": null,
      "rendered": Object {
        "instance": null,
        "key": undefined,
        "nodeType": "host",
        "props": Object {
          "children": <Switch>
            <Route
                        component={[Function]}
                        exact={true}
                        path="/"
            />
            <Route
                        component={[Function]}
                        exact={true}
                        path="/dashboard"
            />
            <Route
                        exact={true}
                        path="/favorites"
                        render={[Function]}
            />
            <Route
                        exact={true}
                        path="/visited"
                        render={[Function]}
            />
            <Route
                        exact={true}
                        path="/wants"
                        render={[Function]}
            />
            <Route
                        exact={true}
                        path="/explore"
                        render={[Function]}
            />
            <Route
                        component={[Function]}
                        exact={true}
                        path="/site/:id"
            />
            <Route
                        component={[Function]}
            />
</Switch>,
        },
        "ref": null,
        "rendered": Object {
          "instance": null,
          "key": undefined,
          "nodeType": "class",
          "props": Object {
            "children": Array [
              <Route
                component={[Function]}
                exact={true}
                path="/"
/>,
              <Route
                component={[Function]}
                exact={true}
                path="/dashboard"
/>,
              <Route
                exact={true}
                path="/favorites"
                render={[Function]}
/>,
              <Route
                exact={true}
                path="/visited"
                render={[Function]}
/>,
              <Route
                exact={true}
                path="/wants"
                render={[Function]}
/>,
              <Route
                exact={true}
                path="/explore"
                render={[Function]}
/>,
              <Route
                component={[Function]}
                exact={true}
                path="/site/:id"
/>,
              <Route
                component={[Function]}
/>,
            ],
          },
          "ref": null,
          "rendered": Array [
            Object {
              "instance": null,
              "key": "Welcome",
              "nodeType": "class",
              "props": Object {
                "component": [Function],
                "exact": true,
                "path": "/",
              },
              "ref": null,
              "rendered": null,
              "type": [Function],
            },
            Object {
              "instance": null,
              "key": "Dashboard",
              "nodeType": "class",
              "props": Object {
                "component": [Function],
                "exact": true,
                "path": "/dashboard",
              },
              "ref": null,
              "rendered": null,
              "type": [Function],
            },
            Object {
              "instance": null,
              "key": "Favorites",
              "nodeType": "class",
              "props": Object {
                "exact": true,
                "path": "/favorites",
                "render": [Function],
              },
              "ref": null,
              "rendered": null,
              "type": [Function],
            },
            Object {
              "instance": null,
              "key": "Visited",
              "nodeType": "class",
              "props": Object {
                "exact": true,
                "path": "/visited",
                "render": [Function],
              },
              "ref": null,
              "rendered": null,
              "type": [Function],
            },
            Object {
              "instance": null,
              "key": "Wants",
              "nodeType": "class",
              "props": Object {
                "exact": true,
                "path": "/wants",
                "render": [Function],
              },
              "ref": null,
              "rendered": null,
              "type": [Function],
            },
            Object {
              "instance": null,
              "key": "Search",
              "nodeType": "class",
              "props": Object {
                "exact": true,
                "path": "/explore",
                "render": [Function],
              },
              "ref": null,
              "rendered": null,
              "type": [Function],
            },
            Object {
              "instance": null,
              "key": "SiteDetails",
              "nodeType": "class",
              "props": Object {
                "component": [Function],
                "exact": true,
                "path": "/site/:id",
              },
              "ref": null,
              "rendered": null,
              "type": [Function],
            },
            Object {
              "instance": null,
              "key": undefined,
              "nodeType": "class",
              "props": Object {
                "component": [Function],
              },
              "ref": null,
              "rendered": null,
              "type": [Function],
            },
          ],
          "type": [Function],
        },
        "type": "main",
      },
      "type": "div",
    },
  ],
  Symbol(enzyme.__options__): Object {
    "adapter": ReactSixteenAdapter {
      "options": Object {
        "enableComponentDidUpdateOnSetState": true,
      },
    },
  },
}
`;
